// Jest Snapshot v1, https://goo.gl/fbAQLP

exports[`Toast component renders when active 1`] = `
<div
  class="v-toast__item v-toast__item--success v-toast__item--bottom-right v-enter-from v-toast--fade-in-up"
  role="alert"
  style=""
>
  <div
    class="v-toast__icon"
  />
  <p
    class="v-toast__text"
  >
    Test message
  </p>
</div>
`;
