// Jest Snapshot v1, https://goo.gl/fbAQLP

exports[`Toast component renders when active 1`] = `
<transition-stub
  enteractiveclass="fadeInUp"
  leaveactiveclass="fadeOut"
>
  <div
    class="vt__item vt__item--success vt__item--bottom-right"
    role="alert"
    style=""
  >
    <div
      class="vt__icon"
    />
     
    <p
      class="vt__text"
    >
      Test message
    </p>
  </div>
</transition-stub>
`;
