// Jest Snapshot v1, https://goo.gl/fbAQLP

exports[`Toast plugin has close method on instance returned by open() 1`] = `
<div
  class="v-toast v-toast--success v-toast--bottom-right v-enter v-toast--fade-in-up"
  role="alert"
  style=""
>
  <div
    class="v-toast__icon"
  />
   
  <p
    class="v-toast__text"
  >
    <b>
      Sample
    </b>
  </p>
</div>
`;
